🔎 Pre-flight form taradeh_automated/Automated form: resolved (f363c702-edac-f111-aaab-0022480a1382)
   Pre-flight taradeh_automated/Automated form: form onload -> Orgb788707aAutomatedSdk.formOnLoad: True
📂 Deploying 1 resource(s).

📦 Deploying: taradeh_automated_main_operations.js
✅ Created: taradeh_automated_main_operations.js
🗂️  Solution found: "webresourceAutomatedForm" (6cdefad7-02ad-f111-aaab-00224808849f)
🗂️  Web resource added to solution: webresourceAutomatedForm (6cdefad7-02ad-f111-aaab-00224808849f)
🚀 Published!
✅ Using pre-flight form: "Automated form" on table taradeh_automated (f363c702-edac-f111-aaab-0022480a1382)
➕ Added <formLibraries> with taradeh_automated_main_operations.js
➕ Registered: onload → Orgb788707aAutomatedSdk.formOnLoad

📝 Patching form XML...
✅ Form patched.
🗂️  Web resource already in solution — skipping.
🗂️  Entity "taradeh_automated" added to solution: webresourceAutomatedForm (6cdefad7-02ad-f111-aaab-00224808849f)
🗂️  Form added to solution: webresourceAutomatedForm (6cdefad7-02ad-f111-aaab-00224808849f)
🚀 Publishing form + web resource...
🚀 Published!

📄 Result written to docs\tasks\dataverse-requirements-specification-9dba8c69\deploy-result.json

✅ DEPLOYED
